origin 0 0
destination 6 8
dimension 15 15

obstacle thick_wall 11 4
obstacle thick_wall 3 6
obstacle thick_wall 5 5
obstacle thick_wall 4 13
obstacle thick_wall 13 6
obstacle thick_wall 1 6
obstacle thick_wall 7 1
obstacle thick_wall 2 13
obstacle thick_wall 9 13
obstacle thick_wall 11 5
obstacle thick_wall 10 11
obstacle thick_wall 13 2
obstacle thick_wall 3 9
obstacle thick_wall 5 11
obstacle thick_wall 13 9
obstacle thick_wall 7 3
obstacle thick_wall 1 9
obstacle thick_wall 6 9
obstacle thick_wall 7 7
obstacle thick_wall 11 11
obstacle trench 9 8
obstacle thick_wall 8 13
obstacle thin_wall 14 9
obstacle thick_wall 4 5
obstacle thick_wall 1 10
obstacle thick_wall 5 13
obstacle thick_wall 6 1
obstacle thick_wall 13 10
obstacle thick_wall 3 10
obstacle thick_wall 11 13
obstacle thick_wall 9 5
obstacle thick_wall 8 11
obstacle thick_wall 1 1
obstacle thick_wall 3 1
obstacle thick_wall 13 1
obstacle thick_wall 13 7
obstacle thick_wall 6 3
obstacle thick_wall 3 7
obstacle thick_wall 4 11
obstacle thick_wall 1 7
obstacle thick_wall 9 11
obstacle thick_wall 3 3
obstacle trench 11 8
obstacle thick_wall 10 13
obstacle thick_wall 8 5
obstacle thick_wall 13 3
obstacle thick_wall 7 9
obstacle thick_wall 6 7
obstacle thick_wall 1 3
obstacle thick_wall 12 1
obstacle thick_wall 5 1
obstacle thick_wall 11 10
obstacle thick_wall 6 13
obstacle thick_wall 7 5
obstacle thick_wall 9 6
obstacle thick_wall 8 9
obstacle thick_wall 1 13
obstacle thick_wall 11 1
obstacle thick_wall 13 12
obstacle thick_wall 3 13
obstacle thick_wall 0 1
obstacle thick_wall 10 3
obstacle thick_wall 1 12
obstacle thick_wall 13 13
obstacle thick_wall 7 11
obstacle thick_wall 9 9
obstacle thick_wall 11 7
obstacle thick_wall 5 3
obstacle thick_wall 1 8
obstacle thick_wall 10 1
obstacle thick_wall 11 3
obstacle thick_wall 3 8
obstacle thick_wall 5 7
obstacle trench 13 8
obstacle thick_wall 12 13
obstacle thick_wall 1 4
obstacle thick_wall 4 1
obstacle thick_wall 11 6
obstacle thick_wall 8 7
obstacle thick_wall 13 4
obstacle thick_wall 7 13
obstacle thick_wall 6 5
obstacle thick_wall 2 1
obstacle thick_wall 1 5
obstacle thick_wall 9 1
obstacle thick_wall 13 5
obstacle thick_wall 3 5
obstacle thick_wall 8 3
obstacle thick_wall 11 9
obstacle thick_wall 9 7
obstacle thick_wall 4 3
obstacle thick_wall 6 11
obstacle thick_wall 8 1
obstacle thick_wall 1 11
obstacle thick_wall 2 3
obstacle thick_wall 13 11
obstacle thick_wall 9 3
obstacle thick_wall 3 11
obstacle thick_wall 5 9
